<?xml version="1.0" encoding="ISO-8859-1" ?>
<link_info>
   <banner>MSP430 Linker PC v21.6.0.LTS</banner>
   <copyright>Copyright (c) 2003-2018 Texas Instruments Incorporated</copyright>
   <link_time>0x63260ab6</link_time>
   <link_errors>0x0</link_errors>
   <output_file>IoT-FinalCode.out</output_file>
   <entry_point>
      <name>_c_int00_noargs</name>
      <address>0x4526</address>
   </entry_point>
   <input_file_list>
      <input_file id="fl-2">
         <path>.\</path>
         <kind>object</kind>
         <file>._main.obj</file>
         <name>._main.obj</name>
      </input_file>
      <input_file id="fl-3">
         <path>.\</path>
         <kind>object</kind>
         <file>main.obj</file>
         <name>main.obj</name>
      </input_file>
      <input_file id="fl-9">
         <kind>object</kind>
         <file>&lt;internal&gt;</file>
         <name>&lt;internal&gt;</name>
      </input_file>
      <input_file id="fl-24">
         <path>C:\ti\ccs1110\ccs\tools\compiler\ti-cgt-msp430_21.6.0.LTS\lib\</path>
         <kind>archive</kind>
         <file>rts430x_lc_rd_eabi.lib</file>
         <name>e_log.c.obj</name>
      </input_file>
      <input_file id="fl-25">
         <path>C:\ti\ccs1110\ccs\tools\compiler\ti-cgt-msp430_21.6.0.LTS\lib\</path>
         <kind>archive</kind>
         <file>rts430x_lc_rd_eabi.lib</file>
         <name>e_pow.c.obj</name>
      </input_file>
      <input_file id="fl-26">
         <path>C:\ti\ccs1110\ccs\tools\compiler\ti-cgt-msp430_21.6.0.LTS\lib\</path>
         <kind>archive</kind>
         <file>rts430x_lc_rd_eabi.lib</file>
         <name>e_sqrt.c.obj</name>
      </input_file>
      <input_file id="fl-27">
         <path>C:\ti\ccs1110\ccs\tools\compiler\ti-cgt-msp430_21.6.0.LTS\lib\</path>
         <kind>archive</kind>
         <file>rts430x_lc_rd_eabi.lib</file>
         <name>s_scalbn.c.obj</name>
      </input_file>
      <input_file id="fl-28">
         <path>C:\ti\ccs1110\ccs\tools\compiler\ti-cgt-msp430_21.6.0.LTS\lib\</path>
         <kind>archive</kind>
         <file>rts430x_lc_rd_eabi.lib</file>
         <name>sprintf.c.obj</name>
      </input_file>
      <input_file id="fl-29">
         <path>C:\ti\ccs1110\ccs\tools\compiler\ti-cgt-msp430_21.6.0.LTS\lib\</path>
         <kind>archive</kind>
         <file>rts430x_lc_rd_eabi.lib</file>
         <name>asr32.asm.obj</name>
      </input_file>
      <input_file id="fl-2a">
         <path>C:\ti\ccs1110\ccs\tools\compiler\ti-cgt-msp430_21.6.0.LTS\lib\</path>
         <kind>archive</kind>
         <file>rts430x_lc_rd_eabi.lib</file>
         <name>int41.asm.obj</name>
      </input_file>
      <input_file id="fl-2b">
         <path>C:\ti\ccs1110\ccs\tools\compiler\ti-cgt-msp430_21.6.0.LTS\lib\</path>
         <kind>archive</kind>
         <file>rts430x_lc_rd_eabi.lib</file>
         <name>int42.asm.obj</name>
      </input_file>
      <input_file id="fl-2c">
         <path>C:\ti\ccs1110\ccs\tools\compiler\ti-cgt-msp430_21.6.0.LTS\lib\</path>
         <kind>archive</kind>
         <file>rts430x_lc_rd_eabi.lib</file>
         <name>int43.asm.obj</name>
      </input_file>
      <input_file id="fl-2d">
         <path>C:\ti\ccs1110\ccs\tools\compiler\ti-cgt-msp430_21.6.0.LTS\lib\</path>
         <kind>archive</kind>
         <file>rts430x_lc_rd_eabi.lib</file>
         <name>int44.asm.obj</name>
      </input_file>
      <input_file id="fl-2e">
         <path>C:\ti\ccs1110\ccs\tools\compiler\ti-cgt-msp430_21.6.0.LTS\lib\</path>
         <kind>archive</kind>
         <file>rts430x_lc_rd_eabi.lib</file>
         <name>int45.asm.obj</name>
      </input_file>
      <input_file id="fl-2f">
         <path>C:\ti\ccs1110\ccs\tools\compiler\ti-cgt-msp430_21.6.0.LTS\lib\</path>
         <kind>archive</kind>
         <file>rts430x_lc_rd_eabi.lib</file>
         <name>int46.asm.obj</name>
      </input_file>
      <input_file id="fl-30">
         <path>C:\ti\ccs1110\ccs\tools\compiler\ti-cgt-msp430_21.6.0.LTS\lib\</path>
         <kind>archive</kind>
         <file>rts430x_lc_rd_eabi.lib</file>
         <name>int48.asm.obj</name>
      </input_file>
      <input_file id="fl-31">
         <path>C:\ti\ccs1110\ccs\tools\compiler\ti-cgt-msp430_21.6.0.LTS\lib\</path>
         <kind>archive</kind>
         <file>rts430x_lc_rd_eabi.lib</file>
         <name>int49.asm.obj</name>
      </input_file>
      <input_file id="fl-32">
         <path>C:\ti\ccs1110\ccs\tools\compiler\ti-cgt-msp430_21.6.0.LTS\lib\</path>
         <kind>archive</kind>
         <file>rts430x_lc_rd_eabi.lib</file>
         <name>int50.asm.obj</name>
      </input_file>
      <input_file id="fl-33">
         <path>C:\ti\ccs1110\ccs\tools\compiler\ti-cgt-msp430_21.6.0.LTS\lib\</path>
         <kind>archive</kind>
         <file>rts430x_lc_rd_eabi.lib</file>
         <name>int51.asm.obj</name>
      </input_file>
      <input_file id="fl-34">
         <path>C:\ti\ccs1110\ccs\tools\compiler\ti-cgt-msp430_21.6.0.LTS\lib\</path>
         <kind>archive</kind>
         <file>rts430x_lc_rd_eabi.lib</file>
         <name>int53.asm.obj</name>
      </input_file>
      <input_file id="fl-35">
         <path>C:\ti\ccs1110\ccs\tools\compiler\ti-cgt-msp430_21.6.0.LTS\lib\</path>
         <kind>archive</kind>
         <file>rts430x_lc_rd_eabi.lib</file>
         <name>int55.asm.obj</name>
      </input_file>
      <input_file id="fl-36">
         <path>C:\ti\ccs1110\ccs\tools\compiler\ti-cgt-msp430_21.6.0.LTS\lib\</path>
         <kind>archive</kind>
         <file>rts430x_lc_rd_eabi.lib</file>
         <name>int57.asm.obj</name>
      </input_file>
      <input_file id="fl-37">
         <path>C:\ti\ccs1110\ccs\tools\compiler\ti-cgt-msp430_21.6.0.LTS\lib\</path>
         <kind>archive</kind>
         <file>rts430x_lc_rd_eabi.lib</file>
         <name>int58.asm.obj</name>
      </input_file>
      <input_file id="fl-38">
         <path>C:\ti\ccs1110\ccs\tools\compiler\ti-cgt-msp430_21.6.0.LTS\lib\</path>
         <kind>archive</kind>
         <file>rts430x_lc_rd_eabi.lib</file>
         <name>int60.asm.obj</name>
      </input_file>
      <input_file id="fl-39">
         <path>C:\ti\ccs1110\ccs\tools\compiler\ti-cgt-msp430_21.6.0.LTS\lib\</path>
         <kind>archive</kind>
         <file>rts430x_lc_rd_eabi.lib</file>
         <name>int61.asm.obj</name>
      </input_file>
      <input_file id="fl-3a">
         <path>C:\ti\ccs1110\ccs\tools\compiler\ti-cgt-msp430_21.6.0.LTS\lib\</path>
         <kind>archive</kind>
         <file>rts430x_lc_rd_eabi.lib</file>
         <name>int62.asm.obj</name>
      </input_file>
      <input_file id="fl-3b">
         <path>C:\ti\ccs1110\ccs\tools\compiler\ti-cgt-msp430_21.6.0.LTS\lib\</path>
         <kind>archive</kind>
         <file>rts430x_lc_rd_eabi.lib</file>
         <name>isr_trap.asm.obj</name>
      </input_file>
      <input_file id="fl-3c">
         <path>C:\ti\ccs1110\ccs\tools\compiler\ti-cgt-msp430_21.6.0.LTS\lib\</path>
         <kind>archive</kind>
         <file>rts430x_lc_rd_eabi.lib</file>
         <name>lsl32.asm.obj</name>
      </input_file>
      <input_file id="fl-3d">
         <path>C:\ti\ccs1110\ccs\tools\compiler\ti-cgt-msp430_21.6.0.LTS\lib\</path>
         <kind>archive</kind>
         <file>rts430x_lc_rd_eabi.lib</file>
         <name>lsr32.asm.obj</name>
      </input_file>
      <input_file id="fl-3e">
         <path>C:\ti\ccs1110\ccs\tools\compiler\ti-cgt-msp430_21.6.0.LTS\lib\</path>
         <kind>archive</kind>
         <file>rts430x_lc_rd_eabi.lib</file>
         <name>mult16_f5hw.asm.obj</name>
      </input_file>
      <input_file id="fl-3f">
         <path>C:\ti\ccs1110\ccs\tools\compiler\ti-cgt-msp430_21.6.0.LTS\lib\</path>
         <kind>archive</kind>
         <file>rts430x_lc_rd_eabi.lib</file>
         <name>mult1632_f5hw.asm.obj</name>
      </input_file>
      <input_file id="fl-40">
         <path>C:\ti\ccs1110\ccs\tools\compiler\ti-cgt-msp430_21.6.0.LTS\lib\</path>
         <kind>archive</kind>
         <file>rts430x_lc_rd_eabi.lib</file>
         <name>mult32_f5hw.asm.obj</name>
      </input_file>
      <input_file id="fl-41">
         <path>C:\ti\ccs1110\ccs\tools\compiler\ti-cgt-msp430_21.6.0.LTS\lib\</path>
         <kind>archive</kind>
         <file>rts430x_lc_rd_eabi.lib</file>
         <name>mult3264_f5hw.asm.obj</name>
      </input_file>
      <input_file id="fl-42">
         <path>C:\ti\ccs1110\ccs\tools\compiler\ti-cgt-msp430_21.6.0.LTS\lib\</path>
         <kind>archive</kind>
         <file>rts430x_lc_rd_eabi.lib</file>
         <name>mult64_f5hw.asm.obj</name>
      </input_file>
      <input_file id="fl-43">
         <path>C:\ti\ccs1110\ccs\tools\compiler\ti-cgt-msp430_21.6.0.LTS\lib\</path>
         <kind>archive</kind>
         <file>rts430x_lc_rd_eabi.lib</file>
         <name>boot.c.obj</name>
      </input_file>
      <input_file id="fl-44">
         <path>C:\ti\ccs1110\ccs\tools\compiler\ti-cgt-msp430_21.6.0.LTS\lib\</path>
         <kind>archive</kind>
         <file>rts430x_lc_rd_eabi.lib</file>
         <name>autoinit.c.obj</name>
      </input_file>
      <input_file id="fl-45">
         <path>C:\ti\ccs1110\ccs\tools\compiler\ti-cgt-msp430_21.6.0.LTS\lib\</path>
         <kind>archive</kind>
         <file>rts430x_lc_rd_eabi.lib</file>
         <name>copy_zero_init.c.obj</name>
      </input_file>
      <input_file id="fl-46">
         <path>C:\ti\ccs1110\ccs\tools\compiler\ti-cgt-msp430_21.6.0.LTS\lib\</path>
         <kind>archive</kind>
         <file>rts430x_lc_rd_eabi.lib</file>
         <name>cpy_tbl.c.obj</name>
      </input_file>
      <input_file id="fl-47">
         <path>C:\ti\ccs1110\ccs\tools\compiler\ti-cgt-msp430_21.6.0.LTS\lib\</path>
         <kind>archive</kind>
         <file>rts430x_lc_rd_eabi.lib</file>
         <name>mpu_init.c.obj</name>
      </input_file>
      <input_file id="fl-48">
         <path>C:\ti\ccs1110\ccs\tools\compiler\ti-cgt-msp430_21.6.0.LTS\lib\</path>
         <kind>archive</kind>
         <file>rts430x_lc_rd_eabi.lib</file>
         <name>lsr64.c.obj</name>
      </input_file>
      <input_file id="fl-49">
         <path>C:\ti\ccs1110\ccs\tools\compiler\ti-cgt-msp430_21.6.0.LTS\lib\</path>
         <kind>archive</kind>
         <file>rts430x_lc_rd_eabi.lib</file>
         <name>pre_init.c.obj</name>
      </input_file>
      <input_file id="fl-4a">
         <path>C:\ti\ccs1110\ccs\tools\compiler\ti-cgt-msp430_21.6.0.LTS\lib\</path>
         <kind>archive</kind>
         <file>rts430x_lc_rd_eabi.lib</file>
         <name>startup.c.obj</name>
      </input_file>
      <input_file id="fl-4b">
         <path>C:\ti\ccs1110\ccs\tools\compiler\ti-cgt-msp430_21.6.0.LTS\lib\</path>
         <kind>archive</kind>
         <file>rts430x_lc_rd_eabi.lib</file>
         <name>copy_decompress_none.c.obj</name>
      </input_file>
      <input_file id="fl-4c">
         <path>C:\ti\ccs1110\ccs\tools\compiler\ti-cgt-msp430_21.6.0.LTS\lib\</path>
         <kind>archive</kind>
         <file>rts430x_lc_rd_eabi.lib</file>
         <name>copy_decompress_lzss.c.obj</name>
      </input_file>
      <input_file id="fl-4d">
         <path>C:\ti\ccs1110\ccs\tools\compiler\ti-cgt-msp430_21.6.0.LTS\lib\</path>
         <kind>archive</kind>
         <file>rts430x_lc_rd_eabi.lib</file>
         <name>addd.c.obj</name>
      </input_file>
      <input_file id="fl-4e">
         <path>C:\ti\ccs1110\ccs\tools\compiler\ti-cgt-msp430_21.6.0.LTS\lib\</path>
         <kind>archive</kind>
         <file>rts430x_lc_rd_eabi.lib</file>
         <name>cmpd.c.obj</name>
      </input_file>
      <input_file id="fl-4f">
         <path>C:\ti\ccs1110\ccs\tools\compiler\ti-cgt-msp430_21.6.0.LTS\lib\</path>
         <kind>archive</kind>
         <file>rts430x_lc_rd_eabi.lib</file>
         <name>divd.c.obj</name>
      </input_file>
      <input_file id="fl-50">
         <path>C:\ti\ccs1110\ccs\tools\compiler\ti-cgt-msp430_21.6.0.LTS\lib\</path>
         <kind>archive</kind>
         <file>rts430x_lc_rd_eabi.lib</file>
         <name>fixdi.c.obj</name>
      </input_file>
      <input_file id="fl-51">
         <path>C:\ti\ccs1110\ccs\tools\compiler\ti-cgt-msp430_21.6.0.LTS\lib\</path>
         <kind>archive</kind>
         <file>rts430x_lc_rd_eabi.lib</file>
         <name>fixdli.c.obj</name>
      </input_file>
      <input_file id="fl-52">
         <path>C:\ti\ccs1110\ccs\tools\compiler\ti-cgt-msp430_21.6.0.LTS\lib\</path>
         <kind>archive</kind>
         <file>rts430x_lc_rd_eabi.lib</file>
         <name>fixdu.c.obj</name>
      </input_file>
      <input_file id="fl-53">
         <path>C:\ti\ccs1110\ccs\tools\compiler\ti-cgt-msp430_21.6.0.LTS\lib\</path>
         <kind>archive</kind>
         <file>rts430x_lc_rd_eabi.lib</file>
         <name>fixdul.c.obj</name>
      </input_file>
      <input_file id="fl-54">
         <path>C:\ti\ccs1110\ccs\tools\compiler\ti-cgt-msp430_21.6.0.LTS\lib\</path>
         <kind>archive</kind>
         <file>rts430x_lc_rd_eabi.lib</file>
         <name>fltlid.c.obj</name>
      </input_file>
      <input_file id="fl-55">
         <path>C:\ti\ccs1110\ccs\tools\compiler\ti-cgt-msp430_21.6.0.LTS\lib\</path>
         <kind>archive</kind>
         <file>rts430x_lc_rd_eabi.lib</file>
         <name>fltud.c.obj</name>
      </input_file>
      <input_file id="fl-56">
         <path>C:\ti\ccs1110\ccs\tools\compiler\ti-cgt-msp430_21.6.0.LTS\lib\</path>
         <kind>archive</kind>
         <file>rts430x_lc_rd_eabi.lib</file>
         <name>fltuld.c.obj</name>
      </input_file>
      <input_file id="fl-57">
         <path>C:\ti\ccs1110\ccs\tools\compiler\ti-cgt-msp430_21.6.0.LTS\lib\</path>
         <kind>archive</kind>
         <file>rts430x_lc_rd_eabi.lib</file>
         <name>frcdivd.c.obj</name>
      </input_file>
      <input_file id="fl-58">
         <path>C:\ti\ccs1110\ccs\tools\compiler\ti-cgt-msp430_21.6.0.LTS\lib\</path>
         <kind>archive</kind>
         <file>rts430x_lc_rd_eabi.lib</file>
         <name>mpyd.c.obj</name>
      </input_file>
      <input_file id="fl-59">
         <path>C:\ti\ccs1110\ccs\tools\compiler\ti-cgt-msp430_21.6.0.LTS\lib\</path>
         <kind>archive</kind>
         <file>rts430x_lc_rd_eabi.lib</file>
         <name>negd.c.obj</name>
      </input_file>
      <input_file id="fl-5a">
         <path>C:\ti\ccs1110\ccs\tools\compiler\ti-cgt-msp430_21.6.0.LTS\lib\</path>
         <kind>archive</kind>
         <file>rts430x_lc_rd_eabi.lib</file>
         <name>subd.c.obj</name>
      </input_file>
      <input_file id="fl-5b">
         <path>C:\ti\ccs1110\ccs\tools\compiler\ti-cgt-msp430_21.6.0.LTS\lib\</path>
         <kind>archive</kind>
         <file>rts430x_lc_rd_eabi.lib</file>
         <name>exit.c.obj</name>
      </input_file>
      <input_file id="fl-5c">
         <path>C:\ti\ccs1110\ccs\tools\compiler\ti-cgt-msp430_21.6.0.LTS\lib\</path>
         <kind>archive</kind>
         <file>rts430x_lc_rd_eabi.lib</file>
         <name>_lock.c.obj</name>
      </input_file>
      <input_file id="fl-5d">
         <path>C:\ti\ccs1110\ccs\tools\compiler\ti-cgt-msp430_21.6.0.LTS\lib\</path>
         <kind>archive</kind>
         <file>rts430x_lc_rd_eabi.lib</file>
         <name>args_main.c.obj</name>
      </input_file>
      <input_file id="fl-5e">
         <path>C:\ti\ccs1110\ccs\tools\compiler\ti-cgt-msp430_21.6.0.LTS\lib\</path>
         <kind>archive</kind>
         <file>rts430x_lc_rd_eabi.lib</file>
         <name>memcpy.c.obj</name>
      </input_file>
      <input_file id="fl-5f">
         <path>C:\ti\ccs1110\ccs\tools\compiler\ti-cgt-msp430_21.6.0.LTS\lib\</path>
         <kind>archive</kind>
         <file>rts430x_lc_rd_eabi.lib</file>
         <name>errno.c.obj</name>
      </input_file>
      <input_file id="fl-60">
         <path>C:\ti\ccs1110\ccs\tools\compiler\ti-cgt-msp430_21.6.0.LTS\lib\</path>
         <kind>archive</kind>
         <file>rts430x_lc_rd_eabi.lib</file>
         <name>s_copysign.c.obj</name>
      </input_file>
      <input_file id="fl-61">
         <path>C:\ti\ccs1110\ccs\tools\compiler\ti-cgt-msp430_21.6.0.LTS\lib\</path>
         <kind>archive</kind>
         <file>rts430x_lc_rd_eabi.lib</file>
         <name>_printfi.c.obj</name>
      </input_file>
      <input_file id="fl-62">
         <path>C:\ti\ccs1110\ccs\tools\compiler\ti-cgt-msp430_21.6.0.LTS\lib\</path>
         <kind>archive</kind>
         <file>rts430x_lc_rd_eabi.lib</file>
         <name>div16u.asm.obj</name>
      </input_file>
      <input_file id="fl-63">
         <path>C:\ti\ccs1110\ccs\tools\compiler\ti-cgt-msp430_21.6.0.LTS\lib\</path>
         <kind>archive</kind>
         <file>rts430x_lc_rd_eabi.lib</file>
         <name>div32u.asm.obj</name>
      </input_file>
      <input_file id="fl-64">
         <path>C:\ti\ccs1110\ccs\tools\compiler\ti-cgt-msp430_21.6.0.LTS\lib\</path>
         <kind>archive</kind>
         <file>rts430x_lc_rd_eabi.lib</file>
         <name>mult16.asm.obj</name>
      </input_file>
      <input_file id="fl-65">
         <path>C:\ti\ccs1110\ccs\tools\compiler\ti-cgt-msp430_21.6.0.LTS\lib\</path>
         <kind>archive</kind>
         <file>rts430x_lc_rd_eabi.lib</file>
         <name>mult32.asm.obj</name>
      </input_file>
      <input_file id="fl-66">
         <path>C:\ti\ccs1110\ccs\tools\compiler\ti-cgt-msp430_21.6.0.LTS\lib\</path>
         <kind>archive</kind>
         <file>rts430x_lc_rd_eabi.lib</file>
         <name>exit_gvars.c.obj</name>
      </input_file>
      <input_file id="fl-67">
         <path>C:\ti\ccs1110\ccs\tools\compiler\ti-cgt-msp430_21.6.0.LTS\lib\</path>
         <kind>archive</kind>
         <file>rts430x_lc_rd_eabi.lib</file>
         <name>asr64.c.obj</name>
      </input_file>
      <input_file id="fl-68">
         <path>C:\ti\ccs1110\ccs\tools\compiler\ti-cgt-msp430_21.6.0.LTS\lib\</path>
         <kind>archive</kind>
         <file>rts430x_lc_rd_eabi.lib</file>
         <name>lsl64.c.obj</name>
      </input_file>
      <input_file id="fl-69">
         <path>C:\ti\ccs1110\ccs\tools\compiler\ti-cgt-msp430_21.6.0.LTS\lib\</path>
         <kind>archive</kind>
         <file>rts430x_lc_rd_eabi.lib</file>
         <name>div64u.c.obj</name>
      </input_file>
      <input_file id="fl-6a">
         <path>C:\ti\ccs1110\ccs\tools\compiler\ti-cgt-msp430_21.6.0.LTS\lib\</path>
         <kind>archive</kind>
         <file>rts430x_lc_rd_eabi.lib</file>
         <name>fltid.c.obj</name>
      </input_file>
      <input_file id="fl-6b">
         <path>C:\ti\ccs1110\ccs\tools\compiler\ti-cgt-msp430_21.6.0.LTS\lib\</path>
         <kind>archive</kind>
         <file>rts430x_lc_rd_eabi.lib</file>
         <name>frcmpyd.c.obj</name>
      </input_file>
      <input_file id="fl-6c">
         <path>C:\ti\ccs1110\ccs\tools\compiler\ti-cgt-msp430_21.6.0.LTS\lib\</path>
         <kind>archive</kind>
         <file>rts430x_lc_rd_eabi.lib</file>
         <name>_ltoa.c.obj</name>
      </input_file>
      <input_file id="fl-6d">
         <path>C:\ti\ccs1110\ccs\tools\compiler\ti-cgt-msp430_21.6.0.LTS\lib\</path>
         <kind>archive</kind>
         <file>rts430x_lc_rd_eabi.lib</file>
         <name>atoi.c.obj</name>
      </input_file>
      <input_file id="fl-6e">
         <path>C:\ti\ccs1110\ccs\tools\compiler\ti-cgt-msp430_21.6.0.LTS\lib\</path>
         <kind>archive</kind>
         <file>rts430x_lc_rd_eabi.lib</file>
         <name>ctype.c.obj</name>
      </input_file>
      <input_file id="fl-6f">
         <path>C:\ti\ccs1110\ccs\tools\compiler\ti-cgt-msp430_21.6.0.LTS\lib\</path>
         <kind>archive</kind>
         <file>rts430x_lc_rd_eabi.lib</file>
         <name>memccpy.c.obj</name>
      </input_file>
      <input_file id="fl-70">
         <path>C:\ti\ccs1110\ccs\tools\compiler\ti-cgt-msp430_21.6.0.LTS\lib\</path>
         <kind>archive</kind>
         <file>rts430x_lc_rd_eabi.lib</file>
         <name>memset.c.obj</name>
      </input_file>
      <input_file id="fl-71">
         <path>C:\ti\ccs1110\ccs\tools\compiler\ti-cgt-msp430_21.6.0.LTS\lib\</path>
         <kind>archive</kind>
         <file>rts430x_lc_rd_eabi.lib</file>
         <name>strchr.c.obj</name>
      </input_file>
      <input_file id="fl-72">
         <path>C:\ti\ccs1110\ccs\tools\compiler\ti-cgt-msp430_21.6.0.LTS\lib\</path>
         <kind>archive</kind>
         <file>rts430x_lc_rd_eabi.lib</file>
         <name>strlen.c.obj</name>
      </input_file>
      <input_file id="fl-73">
         <path>C:\ti\ccs1110\ccs\tools\compiler\ti-cgt-msp430_21.6.0.LTS\lib\</path>
         <kind>archive</kind>
         <file>rts430x_lc_rd_eabi.lib</file>
         <name>toupper.c.obj</name>
      </input_file>
      <input_file id="fl-74">
         <path>C:\ti\ccs1110\ccs\tools\compiler\ti-cgt-msp430_21.6.0.LTS\lib\</path>
         <kind>archive</kind>
         <file>rts430x_lc_rd_eabi.lib</file>
         <name>abs.c.obj</name>
      </input_file>
      <input_file id="fl-75">
         <path>C:\ti\ccs1110\ccs\tools\compiler\ti-cgt-msp430_21.6.0.LTS\lib\</path>
         <kind>archive</kind>
         <file>rts430x_lc_rd_eabi.lib</file>
         <name>wcslen.c.obj</name>
      </input_file>
      <input_file id="fl-76">
         <path>C:\ti\ccs1110\ccs\tools\compiler\ti-cgt-msp430_21.6.0.LTS\lib\</path>
         <kind>archive</kind>
         <file>rts430x_lc_rd_eabi.lib</file>
         <name>s_frexp.c.obj</name>
      </input_file>
      <input_file id="fl-77">
         <path>C:\ti\ccs1110\ccs\tools\compiler\ti-cgt-msp430_21.6.0.LTS\lib\</path>
         <kind>archive</kind>
         <file>rts430x_lc_rd_eabi.lib</file>
         <name>div32s.asm.obj</name>
      </input_file>
      <input_file id="fl-78">
         <path>C:\ti\ccs1110\ccs\tools\compiler\ti-cgt-msp430_21.6.0.LTS\lib\</path>
         <kind>archive</kind>
         <file>rts430x_lc_rd_eabi.lib</file>
         <name>mult3264.asm.obj</name>
      </input_file>
      <input_file id="fl-79">
         <path>C:\ti\ccs1110\ccs\tools\compiler\ti-cgt-msp430_21.6.0.LTS\lib\</path>
         <kind>archive</kind>
         <file>rts430x_lc_rd_eabi.lib</file>
         <name>mult64.asm.obj</name>
      </input_file>
      <input_file id="fl-7a">
         <path>C:\ti\ccs1110\ccs\tools\compiler\ti-cgt-msp430_21.6.0.LTS\lib\</path>
         <kind>archive</kind>
         <file>rts430x_lc_rd_eabi.lib</file>
         <name>mult1632.asm.obj</name>
      </input_file>
   </input_file_list>
   <object_component_list>
      <object_component id="oc-58e">
         <name>.common:Temp</name>
         <uninitialized>true</uninitialized>
         <run_address>0x2684</run_address>
         <size>0x6</size>
      </object_component>
      <object_component id="oc-508">
         <name>.common:AT_TEXT</name>
         <uninitialized>true</uninitialized>
         <run_address>0x2618</run_address>
         <size>0x6c</size>
      </object_component>
      <object_component id="oc-3f8">
         <name>.data</name>
         <load_address>0x2400</load_address>
         <run_address>0x2400</run_address>
         <size>0x54</size>
         <input_file_ref idref="fl-3"/>
      </object_component>
      <object_component id="oc-5a3">
         <name>.data:SMS_1</name>
         <load_address>0x25c0</load_address>
         <run_address>0x25c0</run_address>
         <size>0xb</size>
         <input_file_ref idref="fl-3"/>
      </object_component>
      <object_component id="oc-5a6">
         <name>.data:SMS_4</name>
         <load_address>0x260a</load_address>
         <run_address>0x260a</run_address>
         <size>0x5</size>
         <input_file_ref idref="fl-3"/>
      </object_component>
      <object_component id="oc-5c0">
         <name>.data:AT</name>
         <load_address>0x2610</load_address>
         <run_address>0x2610</run_address>
         <size>0x3</size>
         <input_file_ref idref="fl-3"/>
      </object_component>
      <object_component id="oc-5bd">
         <name>.data:AT_PIN</name>
         <load_address>0x25f6</load_address>
         <run_address>0x25f6</run_address>
         <size>0x7</size>
         <input_file_ref idref="fl-3"/>
      </object_component>
      <object_component id="oc-5ba">
         <name>.data:PIN</name>
         <load_address>0x2604</load_address>
         <run_address>0x2604</run_address>
         <size>0x5</size>
         <input_file_ref idref="fl-3"/>
      </object_component>
      <object_component id="oc-5cc">
         <name>.data:AT_CMGF</name>
         <load_address>0x25d6</load_address>
         <run_address>0x25d6</run_address>
         <size>0x8</size>
         <input_file_ref idref="fl-3"/>
      </object_component>
      <object_component id="oc-5d0">
         <name>.data:AT_NUMBER</name>
         <load_address>0x2572</load_address>
         <run_address>0x2572</run_address>
         <size>0x15</size>
         <input_file_ref idref="fl-3"/>
      </object_component>
      <object_component id="oc-5d5">
         <name>.data:AT_FUN</name>
         <load_address>0x25de</load_address>
         <run_address>0x25de</run_address>
         <size>0x8</size>
         <input_file_ref idref="fl-3"/>
      </object_component>
      <object_component id="oc-5d9">
         <name>.data:AT_CSQ</name>
         <load_address>0x25fe</load_address>
         <run_address>0x25fe</run_address>
         <size>0x5</size>
         <input_file_ref idref="fl-3"/>
      </object_component>
      <object_component id="oc-5dd">
         <name>.data:AT_COPS</name>
         <load_address>0x25e6</load_address>
         <run_address>0x25e6</run_address>
         <size>0x7</size>
         <input_file_ref idref="fl-3"/>
      </object_component>
      <object_component id="oc-5e1">
         <name>.data:AT_CPSI</name>
         <load_address>0x25ee</load_address>
         <run_address>0x25ee</run_address>
         <size>0x7</size>
         <input_file_ref idref="fl-3"/>
      </object_component>
      <object_component id="oc-5e5">
         <name>.data:AT_CGATT</name>
         <load_address>0x25cc</load_address>
         <run_address>0x25cc</run_address>
         <size>0x9</size>
         <input_file_ref idref="fl-3"/>
      </object_component>
      <object_component id="oc-5e9">
         <name>.data:AT_CGDCONT</name>
         <load_address>0x24a0</load_address>
         <run_address>0x24a0</run_address>
         <size>0x32</size>
         <input_file_ref idref="fl-3"/>
      </object_component>
      <object_component id="oc-5ed">
         <name>.data:AT_CGSOCKCONT</name>
         <load_address>0x24d2</load_address>
         <run_address>0x24d2</run_address>
         <size>0x2b</size>
         <input_file_ref idref="fl-3"/>
      </object_component>
      <object_component id="oc-5f1">
         <name>.data:AT_CSOCKSETPN</name>
         <load_address>0x2598</load_address>
         <run_address>0x2598</run_address>
         <size>0xe</size>
         <input_file_ref idref="fl-3"/>
      </object_component>
      <object_component id="oc-5f5">
         <name>.data:AT_CHTTPSSTART</name>
         <load_address>0x25a6</load_address>
         <run_address>0x25a6</run_address>
         <size>0xd</size>
         <input_file_ref idref="fl-3"/>
      </object_component>
      <object_component id="oc-5f9">
         <name>.data:AT_CHTTPSOPSE</name>
         <load_address>0x24fe</load_address>
         <run_address>0x24fe</run_address>
         <size>0x26</size>
         <input_file_ref idref="fl-3"/>
      </object_component>
      <object_component id="oc-5fd">
         <name>.data:AT_CHTTPSSEND</name>
         <load_address>0x2588</load_address>
         <run_address>0x2588</run_address>
         <size>0x10</size>
         <input_file_ref idref="fl-3"/>
      </object_component>
      <object_component id="oc-60a">
         <name>.data:AT_CHTTP_CONTENT0</name>
         <load_address>0x2454</load_address>
         <run_address>0x2454</run_address>
         <size>0x4c</size>
         <input_file_ref idref="fl-3"/>
      </object_component>
      <object_component id="oc-607">
         <name>.data:AT_CHTTP_CONTENT1</name>
         <load_address>0x2524</load_address>
         <run_address>0x2524</run_address>
         <size>0x1e</size>
         <input_file_ref idref="fl-3"/>
      </object_component>
      <object_component id="oc-604">
         <name>.data:AT_CHTTP_CONTENT2</name>
         <load_address>0x2542</load_address>
         <run_address>0x2542</run_address>
         <size>0x1a</size>
         <input_file_ref idref="fl-3"/>
      </object_component>
      <object_component id="oc-601">
         <name>.data:AT_CHTTP_CONTENT3</name>
         <load_address>0x255c</load_address>
         <run_address>0x255c</run_address>
         <size>0x16</size>
         <input_file_ref idref="fl-3"/>
      </object_component>
      <object_component id="oc-60e">
         <name>.data:AT_CHTTPSSTOP</name>
         <load_address>0x25b4</load_address>
         <run_address>0x25b4</run_address>
         <size>0xc</size>
         <input_file_ref idref="fl-3"/>
      </object_component>
      <object_component id="oc-5b7">
         <name>.data:Enter</name>
         <load_address>0x2614</load_address>
         <run_address>0x2614</run_address>
         <size>0x2</size>
         <input_file_ref idref="fl-3"/>
      </object_component>
      <object_component id="oc-674">
         <name>.data</name>
         <load_address>0x2616</load_address>
         <run_address>0x2616</run_address>
         <size>0x2</size>
         <input_file_ref idref="fl-5f"/>
      </object_component>
      <object_component id="oc-36b">
         <name>.stack</name>
         <uninitialized>true</uninitialized>
         <run_address>0x4360</run_address>
         <size>0x4</size>
         <input_file_ref idref="fl-43"/>
      </object_component>
      <object_component id="oc-884">
         <name>.stack</name>
         <uninitialized>true</uninitialized>
         <run_address>0x4360</run_address>
         <size>0x0</size>
      </object_component>
      <object_component id="oc-55e">
         <name>.text:pow</name>
         <load_address>0x10000</load_address>
         <run_address>0x10000</run_address>
         <size>0x1148</size>
         <input_file_ref idref="fl-25"/>
      </object_component>
      <object_component id="oc-596">
         <name>.text:__mspabi_addd</name>
         <load_address>0x11148</load_address>
         <run_address>0x11148</run_address>
         <size>0x72a</size>
         <input_file_ref idref="fl-4d"/>
      </object_component>
      <object_component id="oc-581">
         <name>.text:log</name>
         <load_address>0x11872</load_address>
         <run_address>0x11872</run_address>
         <size>0x628</size>
         <input_file_ref idref="fl-24"/>
      </object_component>
      <object_component id="oc-694">
         <name>.text:__TI_frcdivd</name>
         <load_address>0x11e9a</load_address>
         <run_address>0x11e9a</run_address>
         <size>0x466</size>
         <input_file_ref idref="fl-57"/>
      </object_component>
      <object_component id="oc-668">
         <name>.text:sqrt</name>
         <load_address>0x12300</load_address>
         <run_address>0x12300</run_address>
         <size>0x2de</size>
         <input_file_ref idref="fl-26"/>
      </object_component>
      <object_component id="oc-414">
         <name>.text:main</name>
         <load_address>0x125de</load_address>
         <run_address>0x125de</run_address>
         <size>0x2aa</size>
         <input_file_ref idref="fl-3"/>
      </object_component>
      <object_component id="oc-574">
         <name>.text:__mspabi_mpyd</name>
         <load_address>0x12888</load_address>
         <run_address>0x12888</run_address>
         <size>0x298</size>
         <input_file_ref idref="fl-58"/>
      </object_component>
      <object_component id="oc-56a">
         <name>.text:__mspabi_divd</name>
         <load_address>0x12b20</load_address>
         <run_address>0x12b20</run_address>
         <size>0x222</size>
         <input_file_ref idref="fl-4f"/>
      </object_component>
      <object_component id="oc-47b">
         <name>.text:Temp_Messung</name>
         <load_address>0x12d42</load_address>
         <run_address>0x12d42</run_address>
         <size>0x1d8</size>
         <input_file_ref idref="fl-3"/>
      </object_component>
      <object_component id="oc-6a1">
         <name>.text:__TI_frcmpyd</name>
         <load_address>0x12f1a</load_address>
         <run_address>0x12f1a</run_address>
         <size>0x164</size>
         <input_file_ref idref="fl-6b"/>
      </object_component>
      <object_component id="oc-686">
         <name>.text:scalbn</name>
         <load_address>0x1307e</load_address>
         <run_address>0x1307e</run_address>
         <size>0x15a</size>
         <input_file_ref idref="fl-27"/>
      </object_component>
      <object_component id="oc-794">
         <name>.text:__TI_printfi_minimal:_setfield___TI_printfi_minimal</name>
         <load_address>0x131d8</load_address>
         <run_address>0x131d8</run_address>
         <size>0x132</size>
         <input_file_ref idref="fl-61"/>
      </object_component>
      <object_component id="oc-49f">
         <name>.text:ShutDown</name>
         <load_address>0x1330a</load_address>
         <run_address>0x1330a</run_address>
         <size>0x100</size>
         <input_file_ref idref="fl-3"/>
      </object_component>
      <object_component id="oc-48d">
         <name>.text:Fill_SMS_GPS</name>
         <load_address>0x1340a</load_address>
         <run_address>0x1340a</run_address>
         <size>0xe8</size>
         <input_file_ref idref="fl-3"/>
      </object_component>
      <object_component id="oc-445">
         <name>.text:Port_Setup</name>
         <load_address>0x134f2</load_address>
         <run_address>0x134f2</run_address>
         <size>0xe4</size>
         <input_file_ref idref="fl-3"/>
      </object_component>
      <object_component id="oc-6be">
         <name>.text:__TI_printfi_minimal:__TI_printfi_minimal</name>
         <load_address>0x135d6</load_address>
         <run_address>0x135d6</run_address>
         <size>0xdc</size>
         <input_file_ref idref="fl-61"/>
      </object_component>
      <object_component id="oc-7d7">
         <name>.text:__TI_printfi_minimal:_pproc_diouxp___TI_printfi_minimal</name>
         <load_address>0x136b2</load_address>
         <run_address>0x136b2</run_address>
         <size>0xda</size>
         <input_file_ref idref="fl-61"/>
      </object_component>
      <object_component id="oc-57a">
         <name>.text:__mspabi_cmpd</name>
         <load_address>0x1378c</load_address>
         <run_address>0x1378c</run_address>
         <size>0xd8</size>
         <input_file_ref idref="fl-4e"/>
      </object_component>
      <object_component id="oc-493">
         <name>.text:TransmitPIN</name>
         <load_address>0x13864</load_address>
         <run_address>0x13864</run_address>
         <size>0xc4</size>
         <input_file_ref idref="fl-3"/>
      </object_component>
      <object_component id="oc-4f9">
         <name>.text:sendDataToCloud</name>
         <load_address>0x13928</load_address>
         <run_address>0x13928</run_address>
         <size>0xc0</size>
         <input_file_ref idref="fl-3"/>
      </object_component>
      <object_component id="oc-4b1">
         <name>.text:TransmitText</name>
         <load_address>0x139e8</load_address>
         <run_address>0x139e8</run_address>
         <size>0xb4</size>
         <input_file_ref idref="fl-3"/>
      </object_component>
      <object_component id="oc-499">
         <name>.text:Check_Network</name>
         <load_address>0x13a9c</load_address>
         <run_address>0x13a9c</run_address>
         <size>0xac</size>
         <input_file_ref idref="fl-3"/>
      </object_component>
      <object_component id="oc-45d">
         <name>.text:ADC_Setup</name>
         <load_address>0x13b48</load_address>
         <run_address>0x13b48</run_address>
         <size>0xaa</size>
         <input_file_ref idref="fl-3"/>
      </object_component>
      <object_component id="oc-4a5">
         <name>.text:TransmitCMGF</name>
         <load_address>0x13bf2</load_address>
         <run_address>0x13bf2</run_address>
         <size>0xa8</size>
         <input_file_ref idref="fl-3"/>
      </object_component>
      <object_component id="oc-4ab">
         <name>.text:TransmitNumber</name>
         <load_address>0x13c9a</load_address>
         <run_address>0x13c9a</run_address>
         <size>0xa8</size>
         <input_file_ref idref="fl-3"/>
      </object_component>
      <object_component id="oc-4cf">
         <name>.text:attachDevice</name>
         <load_address>0x13d42</load_address>
         <run_address>0x13d42</run_address>
         <size>0xa8</size>
         <input_file_ref idref="fl-3"/>
      </object_component>
      <object_component id="oc-4bd">
         <name>.text:checkSignalStrength</name>
         <load_address>0x13dea</load_address>
         <run_address>0x13dea</run_address>
         <size>0xa8</size>
         <input_file_ref idref="fl-3"/>
      </object_component>
      <object_component id="oc-4ed">
         <name>.text:connectToServer</name>
         <load_address>0x13e92</load_address>
         <run_address>0x13e92</run_address>
         <size>0xa8</size>
         <input_file_ref idref="fl-3"/>
      </object_component>
      <object_component id="oc-4c3">
         <name>.text:findNetwork</name>
         <load_address>0x13f3a</load_address>
         <run_address>0x13f3a</run_address>
         <size>0xa8</size>
         <input_file_ref idref="fl-3"/>
      </object_component>
      <object_component id="oc-4db">
         <name>.text:openTCP</name>
         <load_address>0x13fe2</load_address>
         <run_address>0x13fe2</run_address>
         <size>0xa8</size>
         <input_file_ref idref="fl-3"/>
      </object_component>
      <object_component id="oc-4b7">
         <name>.text:setFunctionality</name>
         <load_address>0x1408a</load_address>
         <run_address>0x1408a</run_address>
         <size>0xa8</size>
         <input_file_ref idref="fl-3"/>
      </object_component>
      <object_component id="oc-4d5">
         <name>.text:setPDP</name>
         <load_address>0x14132</load_address>
         <run_address>0x14132</run_address>
         <size>0xa8</size>
         <input_file_ref idref="fl-3"/>
      </object_component>
      <object_component id="oc-4e1">
         <name>.text:setPDPProfile</name>
         <load_address>0x141da</load_address>
         <run_address>0x141da</run_address>
         <size>0xa8</size>
         <input_file_ref idref="fl-3"/>
      </object_component>
      <object_component id="oc-4e7">
         <name>.text:startHTTP</name>
         <load_address>0x14282</load_address>
         <run_address>0x14282</run_address>
         <size>0xa8</size>
         <input_file_ref idref="fl-3"/>
      </object_component>
      <object_component id="oc-4ff">
         <name>.text:stopHTTP</name>
         <load_address>0x1432a</load_address>
         <run_address>0x1432a</run_address>
         <size>0xa8</size>
         <input_file_ref idref="fl-3"/>
      </object_component>
      <object_component id="oc-4c9">
         <name>.text:ueInfo</name>
         <load_address>0x143d2</load_address>
         <run_address>0x143d2</run_address>
         <size>0xa8</size>
         <input_file_ref idref="fl-3"/>
      </object_component>
      <object_component id="oc-481">
         <name>.text:wait</name>
         <load_address>0x1447a</load_address>
         <run_address>0x1447a</run_address>
         <size>0xa6</size>
         <input_file_ref idref="fl-3"/>
      </object_component>
      <object_component id="oc-4f3">
         <name>.text:httpSendRequest</name>
         <load_address>0x14520</load_address>
         <run_address>0x14520</run_address>
         <size>0xa4</size>
         <input_file_ref idref="fl-3"/>
      </object_component>
      <object_component id="oc-67a">
         <name>.text:__mspabi_fltlid</name>
         <load_address>0x145c4</load_address>
         <run_address>0x145c4</run_address>
         <size>0x9e</size>
         <input_file_ref idref="fl-54"/>
      </object_component>
      <object_component id="oc-475">
         <name>.text:Akku_Messung</name>
         <load_address>0x14662</load_address>
         <run_address>0x14662</run_address>
         <size>0x96</size>
         <input_file_ref idref="fl-3"/>
      </object_component>
      <object_component id="oc-43b">
         <name>.text:__mspabi_fltuld</name>
         <load_address>0x146f8</load_address>
         <run_address>0x146f8</run_address>
         <size>0x80</size>
         <input_file_ref idref="fl-56"/>
      </object_component>
      <object_component id="oc-6d">
         <name>.text:decompress:lzss:__TI_decompress_lzss</name>
         <load_address>0x14778</load_address>
         <run_address>0x14778</run_address>
         <size>0x76</size>
         <input_file_ref idref="fl-4c"/>
      </object_component>
      <object_component id="oc-487">
         <name>.text:Fill_SMS</name>
         <load_address>0x147ee</load_address>
         <run_address>0x147ee</run_address>
         <size>0x68</size>
         <input_file_ref idref="fl-3"/>
      </object_component>
      <object_component id="oc-6d4">
         <name>.text:__mspabi_fixdul</name>
         <load_address>0x14856</load_address>
         <run_address>0x14856</run_address>
         <size>0x68</size>
         <input_file_ref idref="fl-53"/>
      </object_component>
      <object_component id="oc-6ab">
         <name>.text:__mspabi_fixdli</name>
         <load_address>0x148be</load_address>
         <run_address>0x148be</run_address>
         <size>0x66</size>
         <input_file_ref idref="fl-51"/>
      </object_component>
      <object_component id="oc-778">
         <name>.text:__mpyll</name>
         <load_address>0x14924</load_address>
         <run_address>0x14924</run_address>
         <size>0x5c</size>
         <input_file_ref idref="fl-42"/>
      </object_component>
      <object_component id="oc-46f">
         <name>.text:PWR_status</name>
         <load_address>0x14980</load_address>
         <run_address>0x14980</run_address>
         <size>0x56</size>
         <input_file_ref idref="fl-3"/>
      </object_component>
      <object_component id="oc-530">
         <name>.text:__TI_auto_init_nobinit_nopinit_hold_wdt:__TI_auto_init_nobinit_nopinit_hold_wdt</name>
         <load_address>0x149d6</load_address>
         <run_address>0x149d6</run_address>
         <size>0x54</size>
         <input_file_ref idref="fl-44"/>
      </object_component>
      <object_component id="oc-44b">
         <name>.text:Clock_Setup</name>
         <load_address>0x14a2a</load_address>
         <run_address>0x14a2a</run_address>
         <size>0x4c</size>
         <input_file_ref idref="fl-3"/>
      </object_component>
      <object_component id="oc-79a">
         <name>.text:__TI_printfi_minimal:_pproc_str___TI_printfi_minimal</name>
         <load_address>0x14a76</load_address>
         <run_address>0x14a76</run_address>
         <size>0x48</size>
         <input_file_ref idref="fl-61"/>
      </object_component>
      <object_component id="oc-58f">
         <name>.text:sprintf</name>
         <load_address>0x14abe</load_address>
         <run_address>0x14abe</run_address>
         <size>0x44</size>
         <input_file_ref idref="fl-28"/>
      </object_component>
      <object_component id="oc-6c6">
         <name>.text:__mspabi_srall</name>
         <load_address>0x14b02</load_address>
         <run_address>0x14b02</run_address>
         <size>0x40</size>
         <input_file_ref idref="fl-67"/>
      </object_component>
      <object_component id="oc-76f">
         <name>.text:l_asr_const</name>
         <load_address>0x14b42</load_address>
         <run_address>0x14b42</run_address>
         <size>0x3e</size>
         <input_file_ref idref="fl-29"/>
      </object_component>
      <object_component id="oc-54b">
         <name>.text:l_lsl_const</name>
         <load_address>0x14b80</load_address>
         <run_address>0x14b80</run_address>
         <size>0x3e</size>
         <input_file_ref idref="fl-3c"/>
      </object_component>
      <object_component id="oc-550">
         <name>.text:l_lsr_const</name>
         <load_address>0x14bbe</load_address>
         <run_address>0x14bbe</run_address>
         <size>0x3e</size>
         <input_file_ref idref="fl-3d"/>
      </object_component>
      <object_component id="oc-6cc">
         <name>.text:__mspabi_sllll</name>
         <load_address>0x14bfc</load_address>
         <run_address>0x14bfc</run_address>
         <size>0x3a</size>
         <input_file_ref idref="fl-68"/>
      </object_component>
      <object_component id="oc-782">
         <name>.text:__mspabi_srlll</name>
         <load_address>0x14c36</load_address>
         <run_address>0x14c36</run_address>
         <size>0x3a</size>
         <input_file_ref idref="fl-48"/>
      </object_component>
      <object_component id="oc-564">
         <name>.text:__mspabi_subd</name>
         <load_address>0x14c70</load_address>
         <run_address>0x14c70</run_address>
         <size>0x32</size>
         <input_file_ref idref="fl-5a"/>
      </object_component>
      <object_component id="oc-457">
         <name>.text:UART_Setup</name>
         <load_address>0x14ca2</load_address>
         <run_address>0x14ca2</run_address>
         <size>0x30</size>
         <input_file_ref idref="fl-3"/>
      </object_component>
      <object_component id="oc-66e">
         <name>.text:__mspabi_negd</name>
         <load_address>0x14cd2</load_address>
         <run_address>0x14cd2</run_address>
         <size>0x2e</size>
         <input_file_ref idref="fl-59"/>
      </object_component>
      <object_component id="oc-756">
         <name>.text:copysign</name>
         <load_address>0x14d00</load_address>
         <run_address>0x14d00</run_address>
         <size>0x2e</size>
         <input_file_ref idref="fl-60"/>
      </object_component>
      <object_component id="oc-77d">
         <name>.text:__mpyull</name>
         <load_address>0x14d2e</load_address>
         <run_address>0x14d2e</run_address>
         <size>0x2c</size>
         <input_file_ref idref="fl-41"/>
      </object_component>
      <object_component id="oc-463">
         <name>.text:TimerA0_Setup</name>
         <load_address>0x14d5a</load_address>
         <run_address>0x14d5a</run_address>
         <size>0x28</size>
         <input_file_ref idref="fl-3"/>
      </object_component>
      <object_component id="oc-587">
         <name>.text:__mspabi_fixdi</name>
         <load_address>0x14d82</load_address>
         <run_address>0x14d82</run_address>
         <size>0x28</size>
         <input_file_ref idref="fl-50"/>
      </object_component>
      <object_component id="oc-7dd">
         <name>.text:memccpy</name>
         <load_address>0x14daa</load_address>
         <run_address>0x14daa</run_address>
         <size>0x26</size>
         <input_file_ref idref="fl-6f"/>
      </object_component>
      <object_component id="oc-3aa">
         <name>.text:decompress:ZI:__TI_zero_init_nomemset:__TI_zero_init_nomemset</name>
         <load_address>0x14dd0</load_address>
         <run_address>0x14dd0</run_address>
         <size>0x24</size>
         <input_file_ref idref="fl-45"/>
      </object_component>
      <object_component id="oc-76a">
         <name>.text</name>
         <load_address>0x14df4</load_address>
         <run_address>0x14df4</run_address>
         <size>0x24</size>
         <input_file_ref idref="fl-40"/>
      </object_component>
      <object_component id="oc-6b2">
         <name>.text:_outs</name>
         <load_address>0x14e18</load_address>
         <run_address>0x14e18</run_address>
         <size>0x20</size>
         <input_file_ref idref="fl-28"/>
      </object_component>
      <object_component id="oc-5c5">
         <name>.text:Turn_Off_GSM</name>
         <load_address>0x14e38</load_address>
         <run_address>0x14e38</run_address>
         <size>0x1e</size>
         <input_file_ref idref="fl-3"/>
      </object_component>
      <object_component id="oc-469">
         <name>.text:Turn_On_GSM</name>
         <load_address>0x14e56</load_address>
         <run_address>0x14e56</run_address>
         <size>0x1e</size>
         <input_file_ref idref="fl-3"/>
      </object_component>
      <object_component id="oc-451">
         <name>.text:TimerB0_Setup</name>
         <load_address>0x14e74</load_address>
         <run_address>0x14e74</run_address>
         <size>0x1c</size>
         <input_file_ref idref="fl-3"/>
      </object_component>
      <object_component id="oc-73a">
         <name>.text</name>
         <load_address>0x14e90</load_address>
         <run_address>0x14e90</run_address>
         <size>0x18</size>
         <input_file_ref idref="fl-3e"/>
      </object_component>
      <object_component id="oc-7d0">
         <name>.text:memset</name>
         <load_address>0x14ea8</load_address>
         <run_address>0x14ea8</run_address>
         <size>0x16</size>
         <input_file_ref idref="fl-70"/>
      </object_component>
      <object_component id="oc-7f5">
         <name>.text</name>
         <load_address>0x14ebe</load_address>
         <run_address>0x14ebe</run_address>
         <size>0x16</size>
         <input_file_ref idref="fl-62"/>
      </object_component>
      <object_component id="oc-6b8">
         <name>.text:_outc</name>
         <load_address>0x14ed4</load_address>
         <run_address>0x14ed4</run_address>
         <size>0x14</size>
         <input_file_ref idref="fl-28"/>
      </object_component>
      <object_component id="oc-37a">
         <name>.text:memcpy</name>
         <load_address>0x14ee8</load_address>
         <run_address>0x14ee8</run_address>
         <size>0x14</size>
         <input_file_ref idref="fl-5e"/>
      </object_component>
      <object_component id="oc-59c">
         <name>.text:__mspabi_fixdu</name>
         <load_address>0x14efc</load_address>
         <run_address>0x14efc</run_address>
         <size>0x12</size>
         <input_file_ref idref="fl-52"/>
      </object_component>
      <object_component id="oc-73">
         <name>.text:decompress:none:__TI_decompress_none</name>
         <load_address>0x14f0e</load_address>
         <run_address>0x14f0e</run_address>
         <size>0x12</size>
         <input_file_ref idref="fl-4b"/>
      </object_component>
      <object_component id="oc-659">
         <name>.text:l_asr</name>
         <load_address>0x14f20</load_address>
         <run_address>0x14f20</run_address>
         <size>0x10</size>
         <input_file_ref idref="fl-29"/>
      </object_component>
      <object_component id="oc-65e">
         <name>.text:l_lsl</name>
         <load_address>0x14f30</load_address>
         <run_address>0x14f30</run_address>
         <size>0x10</size>
         <input_file_ref idref="fl-3c"/>
      </object_component>
      <object_component id="oc-663">
         <name>.text:l_lsr</name>
         <load_address>0x14f40</load_address>
         <run_address>0x14f40</run_address>
         <size>0x10</size>
         <input_file_ref idref="fl-3d"/>
      </object_component>
      <object_component id="oc-78e">
         <name>.text:strlen</name>
         <load_address>0x14f50</load_address>
         <run_address>0x14f50</run_address>
         <size>0xe</size>
         <input_file_ref idref="fl-72"/>
      </object_component>
      <object_component id="oc-3fd">
         <name>.text:__mspabi_fltud</name>
         <load_address>0x14f5e</load_address>
         <run_address>0x14f5e</run_address>
         <size>0x6</size>
         <input_file_ref idref="fl-55"/>
      </object_component>
      <object_component id="oc-50c">
         <name>.text:abort</name>
         <load_address>0x14f64</load_address>
         <run_address>0x14f64</run_address>
         <size>0x6</size>
         <input_file_ref idref="fl-5b"/>
      </object_component>
      <object_component id="oc-40e">
         <name>.text:_system_pre_init</name>
         <load_address>0x14f6a</load_address>
         <run_address>0x14f6a</run_address>
         <size>0x4</size>
         <input_file_ref idref="fl-49"/>
      </object_component>
      <object_component id="oc-632">
         <name>.text:_system_post_cinit</name>
         <load_address>0x14f6e</load_address>
         <run_address>0x14f6e</run_address>
         <size>0x2</size>
         <input_file_ref idref="fl-4a"/>
      </object_component>
      <object_component id="oc-398">
         <name>.text:_isr:ADC12ISR</name>
         <load_address>0x4400</load_address>
         <run_address>0x4400</run_address>
         <size>0x70</size>
         <input_file_ref idref="fl-3"/>
      </object_component>
      <object_component id="oc-3a4">
         <name>.text:_isr:TIMER_B0_ISR</name>
         <load_address>0x4470</load_address>
         <run_address>0x4470</run_address>
         <size>0x5a</size>
         <input_file_ref idref="fl-3"/>
      </object_component>
      <object_component id="oc-38c">
         <name>.text:_isr:Port_1</name>
         <load_address>0x44ca</load_address>
         <run_address>0x44ca</run_address>
         <size>0x36</size>
         <input_file_ref idref="fl-3"/>
      </object_component>
      <object_component id="oc-392">
         <name>.text:_isr:TIMER_A0_ISR</name>
         <load_address>0x4500</load_address>
         <run_address>0x4500</run_address>
         <size>0x26</size>
         <input_file_ref idref="fl-3"/>
      </object_component>
      <object_component id="oc-3bc">
         <name>.text:_isr:_c_int00_noargs</name>
         <load_address>0x4526</load_address>
         <run_address>0x4526</run_address>
         <size>0x1c</size>
         <input_file_ref idref="fl-43"/>
      </object_component>
      <object_component id="oc-39e">
         <name>.text:_isr:USCI_A0_ISR</name>
         <load_address>0x4542</load_address>
         <run_address>0x4542</run_address>
         <size>0x14</size>
         <input_file_ref idref="fl-3"/>
      </object_component>
      <object_component id="oc-387">
         <name>.text:_isr:__TI_ISR_TRAP</name>
         <load_address>0x4556</load_address>
         <run_address>0x4556</run_address>
         <size>0x8</size>
         <input_file_ref idref="fl-3b"/>
      </object_component>
      <object_component id="oc-883">
         <name>.cinit..data.load</name>
         <load_address>0x46a8</load_address>
         <run_address>0x46a8</run_address>
         <size>0x17a</size>
      </object_component>
      <object_component id="oc-880">
         <name>__TI_handler_table</name>
         <load_address>0x4822</load_address>
         <run_address>0x4822</run_address>
         <size>0xc</size>
      </object_component>
      <object_component id="oc-882">
         <name>.cinit..bss.load</name>
         <load_address>0x482e</load_address>
         <run_address>0x482e</run_address>
         <size>0x6</size>
      </object_component>
      <object_component id="oc-881">
         <name>__TI_cinit_table</name>
         <load_address>0x4834</load_address>
         <run_address>0x4834</run_address>
         <size>0x10</size>
      </object_component>
      <object_component id="oc-5b0">
         <name>.const:.string:$P$T2$3</name>
         <load_address>0x455e</load_address>
         <run_address>0x455e</run_address>
         <size>0x55</size>
         <input_file_ref idref="fl-3"/>
      </object_component>
      <object_component id="oc-505">
         <name>.const:.string:$P$T5$6</name>
         <load_address>0x45b4</load_address>
         <run_address>0x45b4</run_address>
         <size>0x4f</size>
         <input_file_ref idref="fl-3"/>
      </object_component>
      <object_component id="oc-55b">
         <name>.const</name>
         <load_address>0x4604</load_address>
         <run_address>0x4604</run_address>
         <size>0x30</size>
         <input_file_ref idref="fl-3"/>
      </object_component>
      <object_component id="oc-7d6">
         <name>.const:.string</name>
         <load_address>0x4634</load_address>
         <run_address>0x4634</run_address>
         <size>0x26</size>
         <input_file_ref idref="fl-61"/>
      </object_component>
      <object_component id="oc-677">
         <name>.const:bp</name>
         <load_address>0x465a</load_address>
         <run_address>0x465a</run_address>
         <size>0x10</size>
         <input_file_ref idref="fl-25"/>
      </object_component>
      <object_component id="oc-680">
         <name>.const:dp_h</name>
         <load_address>0x466a</load_address>
         <run_address>0x466a</run_address>
         <size>0x10</size>
         <input_file_ref idref="fl-25"/>
      </object_component>
      <object_component id="oc-683">
         <name>.const:dp_l</name>
         <load_address>0x467a</load_address>
         <run_address>0x467a</run_address>
         <size>0x10</size>
         <input_file_ref idref="fl-25"/>
      </object_component>
      <object_component id="oc-5aa">
         <name>.const:.string:$P$T0$1</name>
         <load_address>0x468a</load_address>
         <run_address>0x468a</run_address>
         <size>0xc</size>
         <input_file_ref idref="fl-3"/>
      </object_component>
      <object_component id="oc-5ad">
         <name>.const:.string:$P$T1$2</name>
         <load_address>0x4696</load_address>
         <run_address>0x4696</run_address>
         <size>0xb</size>
         <input_file_ref idref="fl-3"/>
      </object_component>
      <object_component id="oc-58d">
         <name>.const:.string</name>
         <load_address>0x46a2</load_address>
         <run_address>0x46a2</run_address>
         <size>0x4</size>
         <input_file_ref idref="fl-3"/>
      </object_component>
      <object_component id="oc-5b3">
         <name>.const:.string:$P$T3$4</name>
         <load_address>0x46a6</load_address>
         <run_address>0x46a6</run_address>
         <size>0x2</size>
         <input_file_ref idref="fl-3"/>
      </object_component>
      <object_component id="oc-812">
         <name>.binit</name>
         <load_address>0x4400</load_address>
         <run_address>0x4400</run_address>
         <size>0x0</size>
      </object_component>
      <object_component id="oc-79">
         <name>.int41</name>
         <load_address>0xffd2</load_address>
         <run_address>0xffd2</run_address>
         <size>0x2</size>
         <input_file_ref idref="fl-2a"/>
      </object_component>
      <object_component id="oc-7a">
         <name>.int42</name>
         <load_address>0xffd4</load_address>
         <run_address>0xffd4</run_address>
         <size>0x2</size>
         <input_file_ref idref="fl-2b"/>
      </object_component>
      <object_component id="oc-7b">
         <name>.int43</name>
         <load_address>0xffd6</load_address>
         <run_address>0xffd6</run_address>
         <size>0x2</size>
         <input_file_ref idref="fl-2c"/>
      </object_component>
      <object_component id="oc-7c">
         <name>.int44</name>
         <load_address>0xffd8</load_address>
         <run_address>0xffd8</run_address>
         <size>0x2</size>
         <input_file_ref idref="fl-2d"/>
      </object_component>
      <object_component id="oc-7d">
         <name>.int45</name>
         <load_address>0xffda</load_address>
         <run_address>0xffda</run_address>
         <size>0x2</size>
         <input_file_ref idref="fl-2e"/>
      </object_component>
      <object_component id="oc-7e">
         <name>.int46</name>
         <load_address>0xffdc</load_address>
         <run_address>0xffdc</run_address>
         <size>0x2</size>
         <input_file_ref idref="fl-2f"/>
      </object_component>
      <object_component id="oc-7f">
         <name>.int47</name>
         <load_address>0xffde</load_address>
         <run_address>0xffde</run_address>
         <size>0x2</size>
         <input_file_ref idref="fl-3"/>
      </object_component>
      <object_component id="oc-80">
         <name>.int48</name>
         <load_address>0xffe0</load_address>
         <run_address>0xffe0</run_address>
         <size>0x2</size>
         <input_file_ref idref="fl-30"/>
      </object_component>
      <object_component id="oc-81">
         <name>.int49</name>
         <load_address>0xffe2</load_address>
         <run_address>0xffe2</run_address>
         <size>0x2</size>
         <input_file_ref idref="fl-31"/>
      </object_component>
      <object_component id="oc-82">
         <name>.int50</name>
         <load_address>0xffe4</load_address>
         <run_address>0xffe4</run_address>
         <size>0x2</size>
         <input_file_ref idref="fl-32"/>
      </object_component>
      <object_component id="oc-83">
         <name>.int51</name>
         <load_address>0xffe6</load_address>
         <run_address>0xffe6</run_address>
         <size>0x2</size>
         <input_file_ref idref="fl-33"/>
      </object_component>
      <object_component id="oc-84">
         <name>.int52</name>
         <load_address>0xffe8</load_address>
         <run_address>0xffe8</run_address>
         <size>0x2</size>
         <input_file_ref idref="fl-3"/>
      </object_component>
      <object_component id="oc-85">
         <name>.int53</name>
         <load_address>0xffea</load_address>
         <run_address>0xffea</run_address>
         <size>0x2</size>
         <input_file_ref idref="fl-34"/>
      </object_component>
      <object_component id="oc-86">
         <name>.int54</name>
         <load_address>0xffec</load_address>
         <run_address>0xffec</run_address>
         <size>0x2</size>
         <input_file_ref idref="fl-3"/>
      </object_component>
      <object_component id="oc-87">
         <name>.int55</name>
         <load_address>0xffee</load_address>
         <run_address>0xffee</run_address>
         <size>0x2</size>
         <input_file_ref idref="fl-35"/>
      </object_component>
      <object_component id="oc-88">
         <name>.int56</name>
         <load_address>0xfff0</load_address>
         <run_address>0xfff0</run_address>
         <size>0x2</size>
         <input_file_ref idref="fl-3"/>
      </object_component>
      <object_component id="oc-89">
         <name>.int57</name>
         <load_address>0xfff2</load_address>
         <run_address>0xfff2</run_address>
         <size>0x2</size>
         <input_file_ref idref="fl-36"/>
      </object_component>
      <object_component id="oc-8a">
         <name>.int58</name>
         <load_address>0xfff4</load_address>
         <run_address>0xfff4</run_address>
         <size>0x2</size>
         <input_file_ref idref="fl-37"/>
      </object_component>
      <object_component id="oc-8b">
         <name>.int59</name>
         <load_address>0xfff6</load_address>
         <run_address>0xfff6</run_address>
         <size>0x2</size>
         <input_file_ref idref="fl-3"/>
      </object_component>
      <object_component id="oc-8c">
         <name>.int60</name>
         <load_address>0xfff8</load_address>
         <run_address>0xfff8</run_address>
         <size>0x2</size>
         <input_file_ref idref="fl-38"/>
      </object_component>
      <object_component id="oc-8d">
         <name>.int61</name>
         <load_address>0xfffa</load_address>
         <run_address>0xfffa</run_address>
         <size>0x2</size>
         <input_file_ref idref="fl-39"/>
      </object_component>
      <object_component id="oc-8e">
         <name>.int62</name>
         <load_address>0xfffc</load_address>
         <run_address>0xfffc</run_address>
         <size>0x2</size>
         <input_file_ref idref="fl-3a"/>
      </object_component>
      <object_component id="oc-36e">
         <name>.reset</name>
         <load_address>0xfffe</load_address>
         <run_address>0xfffe</run_address>
         <size>0x2</size>
         <input_file_ref idref="fl-43"/>
      </object_component>
      <object_component id="oc-509">
         <name>.debug_info</name>
         <load_address>0x0</load_address>
         <run_address>0x0</run_address>
         <size>0xd8a</size>
         <input_file_ref idref="fl-3"/>
      </object_component>
      <object_component id="oc-3f9">
         <name>.debug_info</name>
         <load_address>0xd8a</load_address>
         <run_address>0xd8a</run_address>
         <size>0x37d</size>
         <input_file_ref idref="fl-3"/>
      </object_component>
      <object_component id="oc-55c">
         <name>.debug_info</name>
         <load_address>0x1107</load_address>
         <run_address>0x1107</run_address>
         <size>0x140</size>
         <input_file_ref idref="fl-3"/>
      </object_component>
      <object_component id="oc-5a4">
         <name>.debug_info</name>
         <load_address>0x1247</load_address>
         <run_address>0x1247</run_address>
         <size>0xdb</size>
         <input_file_ref idref="fl-3"/>
      </object_component>
      <object_component id="oc-5a7">
         <name>.debug_info</name>
         <load_address>0x1322</load_address>
         <run_address>0x1322</run_address>
         <size>0xdb</size>
         <input_file_ref idref="fl-3"/>
      </object_component>
      <object_component id="oc-5c1">
         <name>.debug_info</name>
         <load_address>0x13fd</load_address>
         <run_address>0x13fd</run_address>
         <size>0xd5</size>
         <input_file_ref idref="fl-3"/>
      </object_component>
      <object_component id="oc-5be">
         <name>.debug_info</name>
         <load_address>0x14d2</load_address>
         <run_address>0x14d2</run_address>
         <size>0xdd</size>
         <input_file_ref idref="fl-3"/>
      </object_component>
      <object_component id="oc-5bb">
         <name>.debug_info</name>
         <load_address>0x15af</load_address>
         <run_address>0x15af</run_address>
         <size>0xd7</size>
         <input_file_ref idref="fl-3"/>
      </object_component>
      <object_component id="oc-5cd">
         <name>.debug_info</name>
         <load_address>0x1686</load_address>
         <run_address>0x1686</run_address>
         <size>0xdf</size>
         <input_file_ref idref="fl-3"/>
      </object_component>
      <object_component id="oc-5d1">
         <name>.debug_info</name>
         <load_address>0x1765</load_address>
         <run_address>0x1765</run_address>
         <size>0xe3</size>
         <input_file_ref idref="fl-3"/>
      </object_component>
      <object_component id="oc-5d6">
         <name>.debug_info</name>
         <load_address>0x1848</load_address>
         <run_address>0x1848</run_address>
         <size>0xdd</size>
         <input_file_ref idref="fl-3"/>
      </object_component>
      <object_component id="oc-5da">
         <name>.debug_info</name>
         <load_address>0x1925</load_address>
         <run_address>0x1925</run_address>
         <size>0xdd</size>
         <input_file_ref idref="fl-3"/>
      </object_component>
      <object_component id="oc-5de">
         <name>.debug_info</name>
         <load_address>0x1a02</load_address>
         <run_address>0x1a02</run_address>
         <size>0xdf</size>
         <input_file_ref idref="fl-3"/>
      </object_component>
      <object_component id="oc-5e2">
         <name>.debug_info</name>
         <load_address>0x1ae1</load_address>
         <run_address>0x1ae1</run_address>
         <size>0xdf</size>
         <input_file_ref idref="fl-3"/>
      </object_component>
      <object_component id="oc-5e6">
         <name>.debug_info</name>
         <load_address>0x1bc0</load_address>
         <run_address>0x1bc0</run_address>
         <size>0xe1</size>
         <input_file_ref idref="fl-3"/>
      </object_component>
      <object_component id="oc-5ea">
         <name>.debug_info</name>
         <load_address>0x1ca1</load_address>
         <run_address>0x1ca1</run_address>
         <size>0xe5</size>
         <input_file_ref idref="fl-3"/>
      </object_component>
      <object_component id="oc-5ee">
         <name>.debug_info</name>
         <load_address>0x1d86</load_address>
         <run_address>0x1d86</run_address>
         <size>0xeb</size>
         <input_file_ref idref="fl-3"/>
      </object_component>
      <object_component id="oc-5f2">
         <name>.debug_info</name>
         <load_address>0x1e71</load_address>
         <run_address>0x1e71</run_address>
         <size>0xeb</size>
         <input_file_ref idref="fl-3"/>
      </object_component>
      <object_component id="oc-5f6">
         <name>.debug_info</name>
         <load_address>0x1f5c</load_address>
         <run_address>0x1f5c</run_address>
         <size>0xed</size>
         <input_file_ref idref="fl-3"/>
      </object_component>
      <object_component id="oc-5fa">
         <name>.debug_info</name>
         <load_address>0x2049</load_address>
         <run_address>0x2049</run_address>
         <size>0xeb</size>
         <input_file_ref idref="fl-3"/>
      </object_component>
      <object_component id="oc-5fe">
         <name>.debug_info</name>
         <load_address>0x2134</load_address>
         <run_address>0x2134</run_address>
         <size>0xeb</size>
         <input_file_ref idref="fl-3"/>
      </object_component>
      <object_component id="oc-60b">
         <name>.debug_info</name>
         <load_address>0x221f</load_address>
         <run_address>0x221f</run_address>
         <size>0xf3</size>
         <input_file_ref idref="fl-3"/>
      </object_component>
      <object_component id="oc-608">
         <name>.debug_info</name>
         <load_address>0x2312</load_address>
         <run_address>0x2312</run_address>
         <size>0xf3</size>
         <input_file_ref idref="fl-3"/>
      </object_component>
      <object_component id="oc-605">
         <name>.debug_info</name>
         <load_address>0x2405</load_address>
         <run_address>0x2405</run_address>
         <size>0xf3</size>
         <input_file_ref idref="fl-3"/>
      </object_component>
      <object_component id="oc-602">
         <name>.debug_info</name>
         <load_address>0x24f8</load_address>
         <run_address>0x24f8</run_address>
         <size>0xf3</size>
         <input_file_ref idref="fl-3"/>
      </object_component>
      <object_component id="oc-60f">
         <name>.debug_info</name>
         <load_address>0x25eb</load_address>
         <run_address>0x25eb</run_address>
         <size>0xeb</size>
         <input_file_ref idref="fl-3"/>
      </object_component>
      <object_component id="oc-5b8">
         <name>.debug_info</name>
         <load_address>0x26d6</load_address>
         <run_address>0x26d6</run_address>
         <size>0xdb</size>
         <input_file_ref idref="fl-3"/>
      </object_component>
      <object_component id="oc-5ab">
         <name>.debug_info</name>
         <load_address>0x27b1</load_address>
         <run_address>0x27b1</run_address>
         <size>0xdf</size>
         <input_file_ref idref="fl-3"/>
      </object_component>
      <object_component id="oc-5ae">
         <name>.debug_info</name>
         <load_address>0x2890</load_address>
         <run_address>0x2890</run_address>
         <size>0xdf</size>
         <input_file_ref idref="fl-3"/>
      </object_component>
      <object_component id="oc-5b1">
         <name>.debug_info</name>
         <load_address>0x296f</load_address>
         <run_address>0x296f</run_address>
         <size>0xdf</size>
         <input_file_ref idref="fl-3"/>
      </object_component>
      <object_component id="oc-5b4">
         <name>.debug_info</name>
         <load_address>0x2a4e</load_address>
         <run_address>0x2a4e</run_address>
         <size>0xdf</size>
         <input_file_ref idref="fl-3"/>
      </object_component>
      <object_component id="oc-506">
         <name>.debug_info</name>
         <load_address>0x2b2d</load_address>
         <run_address>0x2b2d</run_address>
         <size>0xdf</size>
         <input_file_ref idref="fl-3"/>
      </object_component>
      <object_component id="oc-482">
         <name>.debug_info</name>
         <load_address>0x2c0c</load_address>
         <run_address>0x2c0c</run_address>
         <size>0x1b3</size>
         <input_file_ref idref="fl-3"/>
      </object_component>
      <object_component id="oc-4ca">
         <name>.debug_info</name>
         <load_address>0x2dbf</load_address>
         <run_address>0x2dbf</run_address>
         <size>0x115</size>
         <input_file_ref idref="fl-3"/>
      </object_component>
      <object_component id="oc-500">
         <name>.debug_info</name>
         <load_address>0x2ed4</load_address>
         <run_address>0x2ed4</run_address>
         <size>0x119</size>
         <input_file_ref idref="fl-3"/>
      </object_component>
      <object_component id="oc-4e8">
         <name>.debug_info</name>
         <load_address>0x2fed</load_address>
         <run_address>0x2fed</run_address>
         <size>0x11b</size>
         <input_file_ref idref="fl-3"/>
      </object_component>
      <object_component id="oc-4e2">
         <name>.debug_info</name>
         <load_address>0x3108</load_address>
         <run_address>0x3108</run_address>
         <size>0x123</size>
         <input_file_ref idref="fl-3"/>
      </object_component>
      <object_component id="oc-4d6">
         <name>.debug_info</name>
         <load_address>0x322b</load_address>
         <run_address>0x322b</run_address>
         <size>0x115</size>
         <input_file_ref idref="fl-3"/>
      </object_component>
      <object_component id="oc-4b8">
         <name>.debug_info</name>
         <load_address>0x3340</load_address>
         <run_address>0x3340</run_address>
         <size>0x129</size>
         <input_file_ref idref="fl-3"/>
      </object_component>
      <object_component id="oc-4fa">
         <name>.debug_info</name>
         <load_address>0x3469</load_address>
         <run_address>0x3469</run_address>
         <size>0x127</size>
         <input_file_ref idref="fl-3"/>
      </object_component>
      <object_component id="oc-4dc">
         <name>.debug_info</name>
         <load_address>0x3590</load_address>
         <run_address>0x3590</run_address>
         <size>0x117</size>
         <input_file_ref idref="fl-3"/>
      </object_component>
      <object_component id="oc-446">
         <name>.debug_info</name>
         <load_address>0x36a7</load_address>
         <run_address>0x36a7</run_address>
         <size>0x10f</size>
         <input_file_ref idref="fl-3"/>
      </object_component>
      <object_component id="oc-44c">
         <name>.debug_info</name>
         <load_address>0x37b6</load_address>
         <run_address>0x37b6</run_address>
         <size>0x112</size>
         <input_file_ref idref="fl-3"/>
      </object_component>
      <object_component id="oc-452">
         <name>.debug_info</name>
         <load_address>0x38c8</load_address>
         <run_address>0x38c8</run_address>
         <size>0x115</size>
         <input_file_ref idref="fl-3"/>
      </object_component>
      <object_component id="oc-458">
         <name>.debug_info</name>
         <load_address>0x39dd</load_address>
         <run_address>0x39dd</run_address>
         <size>0x112</size>
         <input_file_ref idref="fl-3"/>
      </object_component>
      <object_component id="oc-45e">
         <name>.debug_info</name>
         <load_address>0x3aef</load_address>
         <run_address>0x3aef</run_address>
         <size>0x13f</size>
         <input_file_ref idref="fl-3"/>
      </object_component>
      <object_component id="oc-464">
         <name>.debug_info</name>
         <load_address>0x3c2e</load_address>
         <run_address>0x3c2e</run_address>
         <size>0x115</size>
         <input_file_ref idref="fl-3"/>
      </object_component>
      <object_component id="oc-46a">
         <name>.debug_info</name>
         <load_address>0x3d43</load_address>
         <run_address>0x3d43</run_address>
         <size>0x11f</size>
         <input_file_ref idref="fl-3"/>
      </object_component>
      <object_component id="oc-470">
         <name>.debug_info</name>
         <load_address>0x3e62</load_address>
         <run_address>0x3e62</run_address>
         <size>0x112</size>
         <input_file_ref idref="fl-3"/>
      </object_component>
      <object_component id="oc-476">
         <name>.debug_info</name>
         <load_address>0x3f74</load_address>
         <run_address>0x3f74</run_address>
         <size>0x13e</size>
         <input_file_ref idref="fl-3"/>
      </object_component>
      <object_component id="oc-47c">
         <name>.debug_info</name>
         <load_address>0x40b2</load_address>
         <run_address>0x40b2</run_address>
         <size>0x21f</size>
         <input_file_ref idref="fl-3"/>
      </object_component>
      <object_component id="oc-488">
         <name>.debug_info</name>
         <load_address>0x42d1</load_address>
         <run_address>0x42d1</run_address>
         <size>0x13a</size>
         <input_file_ref idref="fl-3"/>
      </object_component>
      <object_component id="oc-48e">
         <name>.debug_info</name>
         <load_address>0x440b</load_address>
         <run_address>0x440b</run_address>
         <size>0x1d5</size>
         <input_file_ref idref="fl-3"/>
      </object_component>
      <object_component id="oc-494">
         <name>.debug_info</name>
         <load_address>0x45e0</load_address>
         <run_address>0x45e0</run_address>
         <size>0x11f</size>
         <input_file_ref idref="fl-3"/>
      </object_component>
      <object_component id="oc-49a">
         <name>.debug_info</name>
         <load_address>0x46ff</load_address>
         <run_address>0x46ff</run_address>
         <size>0x118</size>
         <input_file_ref idref="fl-3"/>
      </object_component>
      <object_component id="oc-5c6">
         <name>.debug_info</name>
[...]
         <value>0x134f2</value>
         <object_component_ref idref="oc-445"/>
      </symbol>
      <symbol id="sm-63e">
         <name>setPDPProfile</name>
         <value>0x141da</value>
         <object_component_ref idref="oc-4e1"/>
      </symbol>
      <symbol id="sm-67c">
         <name>log</name>
         <value>0x11872</value>
         <object_component_ref idref="oc-581"/>
      </symbol>
      <symbol id="sm-67d">
         <name>logl</name>
         <value>0x11872</value>
         <object_component_ref idref="oc-581"/>
      </symbol>
      <symbol id="sm-70a">
         <name>pow</name>
         <value>0x10000</value>
         <object_component_ref idref="oc-55e"/>
      </symbol>
      <symbol id="sm-70b">
         <name>powl</name>
         <value>0x10000</value>
         <object_component_ref idref="oc-55e"/>
      </symbol>
      <symbol id="sm-736">
         <name>sqrtl</name>
         <value>0x12300</value>
         <object_component_ref idref="oc-668"/>
      </symbol>
      <symbol id="sm-737">
         <name>sqrt</name>
         <value>0x12300</value>
         <object_component_ref idref="oc-668"/>
      </symbol>
      <symbol id="sm-755">
         <name>scalbn</name>
         <value>0x1307e</value>
         <object_component_ref idref="oc-686"/>
      </symbol>
      <symbol id="sm-756">
         <name>scalbnl</name>
         <value>0x1307e</value>
         <object_component_ref idref="oc-686"/>
      </symbol>
      <symbol id="sm-757">
         <name>ldexpl</name>
         <value>0x1307e</value>
         <object_component_ref idref="oc-686"/>
      </symbol>
      <symbol id="sm-758">
         <name>ldexp</name>
         <value>0x1307e</value>
         <object_component_ref idref="oc-686"/>
      </symbol>
      <symbol id="sm-779">
         <name>sprintf</name>
         <value>0x14abe</value>
         <object_component_ref idref="oc-58f"/>
      </symbol>
      <symbol id="sm-789">
         <name>__mspabi_sral</name>
         <value>0x14f20</value>
         <object_component_ref idref="oc-659"/>
      </symbol>
      <symbol id="sm-78a">
         <name>__mspabi_sral_15</name>
         <value>0x14b42</value>
         <object_component_ref idref="oc-76f"/>
      </symbol>
      <symbol id="sm-78b">
         <name>__mspabi_sral_14</name>
         <value>0x14b46</value>
         <object_component_ref idref="oc-76f"/>
      </symbol>
      <symbol id="sm-78c">
         <name>__mspabi_sral_13</name>
         <value>0x14b4a</value>
         <object_component_ref idref="oc-76f"/>
      </symbol>
      <symbol id="sm-78d">
         <name>__mspabi_sral_12</name>
         <value>0x14b4e</value>
         <object_component_ref idref="oc-76f"/>
      </symbol>
      <symbol id="sm-78e">
         <name>__mspabi_sral_11</name>
         <value>0x14b52</value>
         <object_component_ref idref="oc-76f"/>
      </symbol>
      <symbol id="sm-78f">
         <name>__mspabi_sral_10</name>
         <value>0x14b56</value>
         <object_component_ref idref="oc-76f"/>
      </symbol>
      <symbol id="sm-790">
         <name>__mspabi_sral_8</name>
         <value>0x14b5e</value>
         <object_component_ref idref="oc-76f"/>
      </symbol>
      <symbol id="sm-791">
         <name>__mspabi_sral_9</name>
         <value>0x14b5a</value>
         <object_component_ref idref="oc-76f"/>
      </symbol>
      <symbol id="sm-792">
         <name>__mspabi_sral_6</name>
         <value>0x14b66</value>
         <object_component_ref idref="oc-76f"/>
      </symbol>
      <symbol id="sm-793">
         <name>__mspabi_sral_7</name>
         <value>0x14b62</value>
         <object_component_ref idref="oc-76f"/>
      </symbol>
      <symbol id="sm-794">
         <name>__mspabi_sral_4</name>
         <value>0x14b6e</value>
         <object_component_ref idref="oc-76f"/>
      </symbol>
      <symbol id="sm-795">
         <name>__mspabi_sral_5</name>
         <value>0x14b6a</value>
         <object_component_ref idref="oc-76f"/>
      </symbol>
      <symbol id="sm-796">
         <name>__mspabi_sral_2</name>
         <value>0x14b76</value>
         <object_component_ref idref="oc-76f"/>
      </symbol>
      <symbol id="sm-797">
         <name>__mspabi_sral_3</name>
         <value>0x14b72</value>
         <object_component_ref idref="oc-76f"/>
      </symbol>
      <symbol id="sm-798">
         <name>__mspabi_sral_1</name>
         <value>0x14b7a</value>
         <object_component_ref idref="oc-76f"/>
      </symbol>
      <symbol id="sm-79b">
         <name>__TI_int41</name>
         <value>0xffd2</value>
         <object_component_ref idref="oc-79"/>
      </symbol>
      <symbol id="sm-79e">
         <name>__TI_int42</name>
         <value>0xffd4</value>
         <object_component_ref idref="oc-7a"/>
      </symbol>
      <symbol id="sm-7a1">
         <name>__TI_int43</name>
         <value>0xffd6</value>
         <object_component_ref idref="oc-7b"/>
      </symbol>
      <symbol id="sm-7a4">
         <name>__TI_int44</name>
         <value>0xffd8</value>
         <object_component_ref idref="oc-7c"/>
      </symbol>
      <symbol id="sm-7a7">
         <name>__TI_int45</name>
         <value>0xffda</value>
         <object_component_ref idref="oc-7d"/>
      </symbol>
      <symbol id="sm-7aa">
         <name>__TI_int46</name>
         <value>0xffdc</value>
         <object_component_ref idref="oc-7e"/>
      </symbol>
      <symbol id="sm-7ad">
         <name>__TI_int48</name>
         <value>0xffe0</value>
         <object_component_ref idref="oc-80"/>
      </symbol>
      <symbol id="sm-7b0">
         <name>__TI_int49</name>
         <value>0xffe2</value>
         <object_component_ref idref="oc-81"/>
      </symbol>
      <symbol id="sm-7b3">
         <name>__TI_int50</name>
         <value>0xffe4</value>
         <object_component_ref idref="oc-82"/>
      </symbol>
      <symbol id="sm-7b6">
         <name>__TI_int51</name>
         <value>0xffe6</value>
         <object_component_ref idref="oc-83"/>
      </symbol>
      <symbol id="sm-7b9">
         <name>__TI_int53</name>
         <value>0xffea</value>
         <object_component_ref idref="oc-85"/>
      </symbol>
      <symbol id="sm-7bc">
         <name>__TI_int55</name>
         <value>0xffee</value>
         <object_component_ref idref="oc-87"/>
      </symbol>
      <symbol id="sm-7bf">
         <name>__TI_int57</name>
         <value>0xfff2</value>
         <object_component_ref idref="oc-89"/>
      </symbol>
      <symbol id="sm-7c2">
         <name>__TI_int58</name>
         <value>0xfff4</value>
         <object_component_ref idref="oc-8a"/>
      </symbol>
      <symbol id="sm-7c5">
         <name>__TI_int60</name>
         <value>0xfff8</value>
         <object_component_ref idref="oc-8c"/>
      </symbol>
      <symbol id="sm-7c8">
         <name>__TI_int61</name>
         <value>0xfffa</value>
         <object_component_ref idref="oc-8d"/>
      </symbol>
      <symbol id="sm-7cb">
         <name>__TI_int62</name>
         <value>0xfffc</value>
         <object_component_ref idref="oc-8e"/>
      </symbol>
      <symbol id="sm-7d3">
         <name>__TI_ISR_TRAP</name>
         <value>0x4556</value>
         <object_component_ref idref="oc-387"/>
      </symbol>
      <symbol id="sm-7e3">
         <name>__mspabi_slll_9</name>
         <value>0x14b98</value>
         <object_component_ref idref="oc-54b"/>
      </symbol>
      <symbol id="sm-7e4">
         <name>__mspabi_slll_8</name>
         <value>0x14b9c</value>
         <object_component_ref idref="oc-54b"/>
      </symbol>
      <symbol id="sm-7e5">
         <name>__mspabi_slll_7</name>
         <value>0x14ba0</value>
         <object_component_ref idref="oc-54b"/>
      </symbol>
      <symbol id="sm-7e6">
         <name>__mspabi_slll_6</name>
         <value>0x14ba4</value>
         <object_component_ref idref="oc-54b"/>
      </symbol>
      <symbol id="sm-7e7">
         <name>__mspabi_slll_5</name>
         <value>0x14ba8</value>
         <object_component_ref idref="oc-54b"/>
      </symbol>
      <symbol id="sm-7e8">
         <name>__mspabi_slll_4</name>
         <value>0x14bac</value>
         <object_component_ref idref="oc-54b"/>
      </symbol>
      <symbol id="sm-7e9">
         <name>__mspabi_slll_3</name>
         <value>0x14bb0</value>
         <object_component_ref idref="oc-54b"/>
      </symbol>
      <symbol id="sm-7ea">
         <name>__mspabi_slll_2</name>
         <value>0x14bb4</value>
         <object_component_ref idref="oc-54b"/>
      </symbol>
      <symbol id="sm-7eb">
         <name>__mspabi_slll_1</name>
         <value>0x14bb8</value>
         <object_component_ref idref="oc-54b"/>
      </symbol>
      <symbol id="sm-7ec">
         <name>__mspabi_slll</name>
         <value>0x14f30</value>
         <object_component_ref idref="oc-65e"/>
      </symbol>
      <symbol id="sm-7ed">
         <name>__mspabi_slll_15</name>
         <value>0x14b80</value>
         <object_component_ref idref="oc-54b"/>
      </symbol>
      <symbol id="sm-7ee">
         <name>__mspabi_slll_14</name>
         <value>0x14b84</value>
         <object_component_ref idref="oc-54b"/>
      </symbol>
      <symbol id="sm-7ef">
         <name>__mspabi_slll_13</name>
         <value>0x14b88</value>
         <object_component_ref idref="oc-54b"/>
      </symbol>
      <symbol id="sm-7f0">
         <name>__mspabi_slll_12</name>
         <value>0x14b8c</value>
         <object_component_ref idref="oc-54b"/>
      </symbol>
      <symbol id="sm-7f1">
         <name>__mspabi_slll_11</name>
         <value>0x14b90</value>
         <object_component_ref idref="oc-54b"/>
      </symbol>
      <symbol id="sm-7f2">
         <name>__mspabi_slll_10</name>
         <value>0x14b94</value>
         <object_component_ref idref="oc-54b"/>
      </symbol>
      <symbol id="sm-802">
         <name>__mspabi_srll_8</name>
         <value>0x14bda</value>
         <object_component_ref idref="oc-550"/>
      </symbol>
      <symbol id="sm-803">
         <name>__mspabi_srll_9</name>
         <value>0x14bd6</value>
         <object_component_ref idref="oc-550"/>
      </symbol>
      <symbol id="sm-804">
         <name>__mspabi_srll_6</name>
         <value>0x14be2</value>
         <object_component_ref idref="oc-550"/>
      </symbol>
      <symbol id="sm-805">
         <name>__mspabi_srll_7</name>
         <value>0x14bde</value>
         <object_component_ref idref="oc-550"/>
      </symbol>
      <symbol id="sm-806">
         <name>__mspabi_srll_4</name>
         <value>0x14bea</value>
         <object_component_ref idref="oc-550"/>
      </symbol>
      <symbol id="sm-807">
         <name>__mspabi_srll_5</name>
         <value>0x14be6</value>
         <object_component_ref idref="oc-550"/>
      </symbol>
      <symbol id="sm-808">
         <name>__mspabi_srll_2</name>
         <value>0x14bf2</value>
         <object_component_ref idref="oc-550"/>
      </symbol>
      <symbol id="sm-809">
         <name>__mspabi_srll_3</name>
         <value>0x14bee</value>
         <object_component_ref idref="oc-550"/>
      </symbol>
      <symbol id="sm-80a">
         <name>__mspabi_srll_1</name>
         <value>0x14bf6</value>
         <object_component_ref idref="oc-550"/>
      </symbol>
      <symbol id="sm-80b">
         <name>__mspabi_srll_15</name>
         <value>0x14bbe</value>
         <object_component_ref idref="oc-550"/>
      </symbol>
      <symbol id="sm-80c">
         <name>__mspabi_srll_14</name>
         <value>0x14bc2</value>
         <object_component_ref idref="oc-550"/>
      </symbol>
      <symbol id="sm-80d">
         <name>__mspabi_srll_13</name>
         <value>0x14bc6</value>
         <object_component_ref idref="oc-550"/>
      </symbol>
      <symbol id="sm-80e">
         <name>__mspabi_srll_12</name>
         <value>0x14bca</value>
         <object_component_ref idref="oc-550"/>
      </symbol>
      <symbol id="sm-80f">
         <name>__mspabi_srll_11</name>
         <value>0x14bce</value>
         <object_component_ref idref="oc-550"/>
      </symbol>
      <symbol id="sm-810">
         <name>__mspabi_srll_10</name>
         <value>0x14bd2</value>
         <object_component_ref idref="oc-550"/>
      </symbol>
      <symbol id="sm-811">
         <name>__mspabi_srll</name>
         <value>0x14f40</value>
         <object_component_ref idref="oc-663"/>
      </symbol>
      <symbol id="sm-819">
         <name>__mspabi_mpyi_f5hw</name>
         <value>0x14e90</value>
         <object_component_ref idref="oc-73a"/>
      </symbol>
      <symbol id="sm-822">
         <name>__mspabi_mpyl_f5hw</name>
         <value>0x14df4</value>
         <object_component_ref idref="oc-76a"/>
      </symbol>
      <symbol id="sm-82a">
         <name>__mspabi_mpyull_f5hw</name>
         <value>0x14d2e</value>
         <object_component_ref idref="oc-77d"/>
      </symbol>
      <symbol id="sm-832">
         <name>__mspabi_mpyll_f5hw</name>
         <value>0x14924</value>
         <object_component_ref idref="oc-778"/>
      </symbol>
      <symbol id="sm-842">
         <name>_stack</name>
         <value>0x4360</value>
         <object_component_ref idref="oc-36b"/>
      </symbol>
      <symbol id="sm-843">
         <name>_c_int00_noargs</name>
         <value>0x4526</value>
         <object_component_ref idref="oc-3bc"/>
      </symbol>
      <symbol id="sm-844">
         <name>_reset_vector</name>
         <value>0xfffe</value>
         <object_component_ref idref="oc-36e"/>
      </symbol>
      <symbol id="sm-867">
         <name>__TI_auto_init_nobinit_nopinit_hold_wdt</name>
         <value>0x149d6</value>
         <object_component_ref idref="oc-530"/>
      </symbol>
      <symbol id="sm-87a">
         <name>__TI_zero_init_nomemset</name>
         <value>0x14dd0</value>
         <object_component_ref idref="oc-3aa"/>
      </symbol>
      <symbol id="sm-88e">
         <name>__mspabi_srlll</name>
         <value>0x14c36</value>
         <object_component_ref idref="oc-782"/>
      </symbol>
      <symbol id="sm-897">
         <name>_system_pre_init</name>
         <value>0x14f6a</value>
         <object_component_ref idref="oc-40e"/>
      </symbol>
      <symbol id="sm-8a0">
         <name>_system_post_cinit</name>
         <value>0x14f6e</value>
         <object_component_ref idref="oc-632"/>
      </symbol>
      <symbol id="sm-8b1">
         <name>__TI_decompress_none</name>
         <value>0x14f0e</value>
         <object_component_ref idref="oc-73"/>
      </symbol>
      <symbol id="sm-8d4">
         <name>__TI_decompress_lzss</name>
         <value>0x14778</value>
         <object_component_ref idref="oc-6d"/>
      </symbol>
      <symbol id="sm-90e">
         <name>__mspabi_addd</name>
         <value>0x11148</value>
         <object_component_ref idref="oc-596"/>
      </symbol>
      <symbol id="sm-92d">
         <name>__mspabi_cmpd</name>
         <value>0x1378c</value>
         <object_component_ref idref="oc-57a"/>
      </symbol>
      <symbol id="sm-94e">
         <name>__mspabi_divd</name>
         <value>0x12b20</value>
         <object_component_ref idref="oc-56a"/>
      </symbol>
      <symbol id="sm-95b">
         <name>__mspabi_fixdi</name>
         <value>0x14d82</value>
         <object_component_ref idref="oc-587"/>
      </symbol>
      <symbol id="sm-96a">
         <name>__mspabi_fixdli</name>
         <value>0x148be</value>
         <object_component_ref idref="oc-6ab"/>
      </symbol>
      <symbol id="sm-975">
         <name>__mspabi_fixdu</name>
         <value>0x14efc</value>
         <object_component_ref idref="oc-59c"/>
      </symbol>
      <symbol id="sm-985">
         <name>__mspabi_fixdul</name>
         <value>0x14856</value>
         <object_component_ref idref="oc-6d4"/>
      </symbol>
      <symbol id="sm-99d">
         <name>__mspabi_fltlid</name>
         <value>0x145c4</value>
         <object_component_ref idref="oc-67a"/>
      </symbol>
      <symbol id="sm-9a6">
         <name>__mspabi_fltud</name>
         <value>0x14f5e</value>
         <object_component_ref idref="oc-3fd"/>
      </symbol>
      <symbol id="sm-9bb">
         <name>__mspabi_fltuld</name>
         <value>0x146f8</value>
         <object_component_ref idref="oc-43b"/>
      </symbol>
      <symbol id="sm-9d6">
         <name>__TI_frcdivd</name>
         <value>0x11e9a</value>
         <object_component_ref idref="oc-694"/>
      </symbol>
      <symbol id="sm-9fc">
         <name>__mspabi_mpyd</name>
         <value>0x12888</value>
         <object_component_ref idref="oc-574"/>
      </symbol>
      <symbol id="sm-a05">
         <name>__mspabi_negd</name>
         <value>0x14cd2</value>
         <object_component_ref idref="oc-66e"/>
      </symbol>
      <symbol id="sm-a0e">
         <name>__mspabi_subd</name>
         <value>0x14c70</value>
         <object_component_ref idref="oc-564"/>
      </symbol>
      <symbol id="sm-a18">
         <name>C$$EXIT</name>
         <value>0x14f64</value>
         <object_component_ref idref="oc-50c"/>
      </symbol>
      <symbol id="sm-a19">
         <name>abort</name>
         <value>0x14f64</value>
         <object_component_ref idref="oc-50c"/>
      </symbol>
      <symbol id="sm-a29">
         <name>memcpy</name>
         <value>0x14ee8</value>
         <object_component_ref idref="oc-37a"/>
      </symbol>
      <symbol id="sm-a30">
         <name>errno</name>
         <value>0x2616</value>
         <object_component_ref idref="oc-674"/>
      </symbol>
      <symbol id="sm-a39">
         <name>copysign</name>
         <value>0x14d00</value>
         <object_component_ref idref="oc-756"/>
      </symbol>
      <symbol id="sm-a3a">
         <name>copysignl</name>
         <value>0x14d00</value>
         <object_component_ref idref="oc-756"/>
      </symbol>
      <symbol id="sm-a9e">
         <name>__TI_printfi_minimal</name>
         <value>0x135d6</value>
         <object_component_ref idref="oc-6be"/>
      </symbol>
      <symbol id="sm-aa8">
         <name>__mspabi_remu</name>
         <value>0x14ebe</value>
         <object_component_ref idref="oc-7f5"/>
      </symbol>
      <symbol id="sm-aa9">
         <name>__mspabi_divu</name>
         <value>0x14ebe</value>
         <object_component_ref idref="oc-7f5"/>
      </symbol>
      <symbol id="sm-aba">
         <name>__mspabi_srall</name>
         <value>0x14b02</value>
         <object_component_ref idref="oc-6c6"/>
      </symbol>
      <symbol id="sm-ac7">
         <name>__mspabi_sllll</name>
         <value>0x14bfc</value>
         <object_component_ref idref="oc-6cc"/>
      </symbol>
      <symbol id="sm-ad4">
         <name>__TI_frcmpyd</name>
         <value>0x12f1a</value>
         <object_component_ref idref="oc-6a1"/>
      </symbol>
      <symbol id="sm-ae6">
         <name>memccpy</name>
         <value>0x14daa</value>
         <object_component_ref idref="oc-7dd"/>
      </symbol>
      <symbol id="sm-af4">
         <name>memset</name>
         <value>0x14ea8</value>
         <object_component_ref idref="oc-7d0"/>
      </symbol>
      <symbol id="sm-b02">
         <name>strlen</name>
         <value>0x14f50</value>
         <object_component_ref idref="oc-78e"/>
      </symbol>
   </symbol_table>
   <title>Link successful</title>
</link_info>
